// Jest Snapshot v1, https://goo.gl/fbAQLP

exports[`Pruebas en <GifItem /> debe de hhacer match con el snapshot 1`] = `
<div>
  <div
    class="card"
  >
    <img
      alt="2"
      src="http://dalegend.net/foto.jpg"
    />
    <p>
      2
    </p>
  </div>
</div>
`;
